copy fastuuid -1 0.465464073000021
copy stdlib -1 0.28905044199996155
copy pydantic -1 0.3870577490000642
copy c_bulk -1 0.39217467000003126
copy c_packed_converted -1 0.3967454579999412
copy c_native_converted -1 0.6119327919999478
copy uuid_utils -1 0.4337392810000438
copy c_scalar -1 0.3418907230000059
copy c_bulk 0 0.4328765669999939
copy uuid_utils 0 0.37373779300003207
copy fastuuid 0 0.39431448099992394
copy c_native_converted 0 0.3180790250000882
copy c_scalar 0 0.27222426699995594
copy stdlib 0 0.7226923780000334
copy c_packed_converted 0 0.261904465999919
copy pydantic 0 0.39880481900001996
copy uuid_utils 1 0.3533007789999374
copy c_scalar 1 0.3260278110000172
copy stdlib 1 0.5176666160000423
copy c_native_converted 1 0.32044143900009203
copy fastuuid 1 0.42046398699994825
copy c_packed_converted 1 0.3900272349999341
copy c_bulk 1 0.38860346700005266
copy pydantic 1 0.36411439199991946
copy c_scalar 2 0.2516681540000718
copy c_packed_converted 2 0.25947571899996547
copy pydantic 2 0.38388800400002765
copy c_native_converted 2 0.26251591300001564
copy fastuuid 2 0.3803951209999923
copy stdlib 2 0.3320205200000146
copy uuid_utils 2 0.26716320900004575
copy c_bulk 2 0.46706318700000793
copy c_scalar 3 0.3244285129999298
copy c_native_converted 3 0.36748804599994855
copy uuid_utils 3 0.37175120299991704
copy c_bulk 3 0.17357366000010188
copy c_packed_converted 3 0.2669330249999575
copy stdlib 3 0.7038791319999973
copy pydantic 3 0.3367882489999374
copy fastuuid 3 0.3435267050000448
copy c_packed_converted 4 0.37783763300001283
copy c_bulk 4 1.1167355690000704
copy c_scalar 4 0.6974690770000507
copy stdlib 4 0.6345746810000037
copy c_native_converted 4 0.338562550000006
copy uuid_utils 4 0.25583797799993135
copy pydantic 4 0.8542749979999371
copy fastuuid 4 0.4158406049999712
