standard path 900 0 371.2
standard response 120 0 351.9
standard batch 120 0 861.0
standard path 300 0 312.4
standard invalid 450 0 441.6
standard batch 40 0 976.7
standard invalid 150 0 429.0
standard response 40 0 507.6
native invalid 450 0 372.4
native batch 40 0 810.5
native path 300 0 356.7
native batch 120 0 756.0
native response 120 0 356.2
native invalid 150 0 535.5
native path 900 0 319.0
native response 40 0 408.3
scalar invalid 450 0 381.7
scalar path 900 0 336.5
scalar batch 40 0 1043.2
scalar response 40 0 414.6
scalar path 300 0 275.8
scalar batch 120 0 1116.6
scalar invalid 150 0 556.5
scalar response 120 0 396.9
bulk path 900 0 241.4
bulk response 120 0 353.3
bulk invalid 450 0 401.0
bulk batch 120 0 937.3
bulk response 40 0 562.1
bulk batch 40 0 1054.2
bulk invalid 150 0 420.4
bulk path 300 0 270.3
bulk response 40 1 563.9
bulk path 300 1 319.4
bulk path 900 1 298.3
bulk batch 120 1 821.5
bulk invalid 450 1 333.4
bulk response 120 1 286.6
bulk invalid 150 1 355.5
bulk batch 40 1 939.8
standard batch 40 1 880.5
standard response 40 1 469.4
standard path 900 1 282.9
standard batch 120 1 787.1
standard invalid 450 1 471.3
standard invalid 150 1 381.4
standard path 300 1 259.2
standard response 120 1 296.2
native invalid 150 1 510.9
native batch 40 1 879.8
native path 900 1 221.4
native response 40 1 428.7
native invalid 450 1 295.4
native response 120 1 326.3
native batch 120 1 749.8
native path 300 1 218.2
scalar batch 40 1 981.5
scalar batch 120 1 991.0
scalar path 300 1 323.0
scalar response 40 1 475.0
scalar invalid 450 1 462.6
scalar invalid 150 1 455.6
scalar path 900 1 332.2
scalar response 120 1 480.6
bulk response 120 2 413.4
bulk path 300 2 271.3
bulk invalid 450 2 427.2
bulk response 40 2 392.9
bulk path 900 2 247.0
bulk invalid 150 2 421.5
bulk batch 40 2 936.3
bulk batch 120 2 835.3
scalar batch 120 2 1044.6
scalar path 900 2 312.2
scalar batch 40 2 963.1
scalar response 120 2 354.4
scalar response 40 2 532.7
scalar path 300 2 389.5
scalar invalid 150 2 396.5
scalar invalid 450 2 413.9
standard response 120 2 460.5
standard invalid 450 2 515.0
standard batch 40 2 860.9
standard path 300 2 204.8
standard batch 120 2 679.3
standard response 40 2 428.6
standard invalid 150 2 314.4
standard path 900 2 201.1
native batch 120 2 675.2
native path 900 2 197.9
native response 120 2 245.6
native path 300 2 201.3
native invalid 150 2 344.9
native invalid 450 2 416.0
native response 40 2 369.7
native batch 40 2 914.2
bulk response 120 3 365.0
bulk batch 120 3 923.1
bulk path 900 3 359.8
bulk batch 40 3 967.6
bulk invalid 450 3 292.5
bulk path 300 3 216.6
bulk invalid 150 3 332.7
bulk response 40 3 546.7
native invalid 450 3 340.9
native path 900 3 271.8
native batch 40 3 973.7
native invalid 150 3 439.4
native response 40 3 403.8
native path 300 3 339.1
native response 120 3 439.9
native batch 120 3 870.0
standard invalid 450 3 370.1
standard path 300 3 305.0
standard batch 120 3 872.9
standard response 40 3 439.4
standard response 120 3 364.1
standard batch 40 3 808.8
standard invalid 150 3 417.3
standard path 900 3 252.9
scalar path 300 3 329.5
scalar path 900 3 312.7
scalar invalid 450 3 393.6
scalar batch 40 3 1094.3
scalar batch 120 3 1078.5
scalar invalid 150 3 430.4
scalar response 40 3 456.2
scalar response 120 3 481.7
standard response 120 4 398.2
standard response 40 4 492.4
standard path 900 4 219.7
standard batch 40 4 744.4
standard invalid 150 4 434.9
standard path 300 4 258.1
standard invalid 450 4 385.5
standard batch 120 4 820.2
scalar response 120 4 351.9
scalar invalid 150 4 546.7
scalar path 900 4 242.2
scalar batch 40 4 1071.5
scalar batch 120 4 1053.1
scalar path 300 4 283.9
scalar invalid 450 4 439.6
scalar response 40 4 425.1
native response 40 4 446.2
native invalid 150 4 550.1
native invalid 450 4 380.6
native batch 40 4 832.9
native response 120 4 290.7
native path 900 4 214.9
native path 300 4 195.5
native batch 120 4 616.1
bulk invalid 150 4 469.3
bulk batch 120 4 1078.5
bulk batch 40 4 1018.7
bulk path 300 4 337.3
bulk response 40 4 477.6
bulk invalid 450 4 431.0
bulk path 900 4 314.4
bulk response 120 4 342.5
