standard path 900 0 153.8
standard response 120 0 341.5
standard batch 120 0 571.7
standard path 300 0 194.0
standard invalid 450 0 255.2
standard batch 40 0 611.3
standard invalid 150 0 320.0
standard response 40 0 372.5
native invalid 450 0 231.0
native batch 40 0 555.2
native path 300 0 202.2
native batch 120 0 567.0
native response 120 0 318.7
native invalid 150 0 360.7
native path 900 0 157.9
native response 40 0 340.1
scalar invalid 450 0 259.8
scalar path 900 0 156.3
scalar batch 40 0 695.1
scalar response 40 0 381.9
scalar path 300 0 194.5
scalar batch 120 0 599.6
scalar invalid 150 0 304.2
scalar response 120 0 345.9
bulk path 900 0 157.0
bulk response 120 0 383.7
bulk invalid 450 0 273.1
bulk batch 120 0 682.5
bulk response 40 0 410.1
bulk batch 40 0 583.5
bulk invalid 150 0 340.2
bulk path 300 0 190.0
bulk response 40 1 391.4
bulk path 300 1 231.2
bulk path 900 1 170.3
bulk batch 120 1 563.1
bulk invalid 450 1 241.1
bulk response 120 1 329.8
bulk invalid 150 1 318.1
bulk batch 40 1 645.4
standard batch 40 1 614.7
standard response 40 1 413.4
standard path 900 1 151.7
standard batch 120 1 660.9
standard invalid 450 1 237.0
standard invalid 150 1 344.4
standard path 300 1 207.4
standard response 120 1 339.1
native invalid 150 1 329.5
native batch 40 1 556.8
native path 900 1 160.7
native response 40 1 418.7
native invalid 450 1 237.5
native response 120 1 382.5
native batch 120 1 564.2
native path 300 1 257.3
scalar batch 40 1 712.6
scalar batch 120 1 638.3
scalar path 300 1 205.4
scalar response 40 1 403.3
scalar invalid 450 1 269.8
scalar invalid 150 1 334.3
scalar path 900 1 166.7
scalar response 120 1 365.4
bulk response 120 2 392.2
bulk path 300 2 248.9
bulk invalid 450 2 255.1
bulk response 40 2 406.3
bulk path 900 2 163.7
bulk invalid 150 2 349.6
bulk batch 40 2 600.8
bulk batch 120 2 584.8
scalar batch 120 2 661.7
scalar path 900 2 166.6
scalar batch 40 2 713.9
scalar response 120 2 383.3
scalar response 40 2 414.1
scalar path 300 2 237.8
scalar invalid 150 2 365.8
scalar invalid 450 2 317.8
standard response 120 2 334.7
standard invalid 450 2 240.4
standard batch 40 2 655.3
standard path 300 2 226.4
standard batch 120 2 595.4
standard response 40 2 388.6
standard invalid 150 2 339.8
standard path 900 2 165.2
native batch 120 2 574.3
native path 900 2 226.5
native response 120 2 364.8
native path 300 2 282.1
native invalid 150 2 355.2
native invalid 450 2 234.8
native response 40 2 344.6
native batch 40 2 587.3
bulk response 120 3 334.9
bulk batch 120 3 565.0
bulk path 900 3 157.7
bulk batch 40 3 668.9
bulk invalid 450 3 257.4
bulk path 300 3 229.6
bulk invalid 150 3 336.9
bulk response 40 3 429.1
native invalid 450 3 261.2
native path 900 3 162.0
native batch 40 3 574.4
native invalid 150 3 366.2
native response 40 3 343.6
native path 300 3 226.6
native response 120 3 333.7
native batch 120 3 569.0
standard invalid 450 3 240.9
standard path 300 3 249.1
standard batch 120 3 654.0
standard response 40 3 425.7
standard response 120 3 356.4
standard batch 40 3 596.3
standard invalid 150 3 340.5
standard path 900 3 160.8
scalar path 300 3 205.5
scalar path 900 3 174.9
scalar invalid 450 3 286.5
scalar batch 40 3 697.4
scalar batch 120 3 608.6
scalar invalid 150 3 328.5
scalar response 40 3 391.6
scalar response 120 3 337.8
standard response 120 4 358.1
standard response 40 4 408.1
standard path 900 4 161.2
standard batch 40 4 586.4
standard invalid 150 4 352.0
standard path 300 4 218.2
standard invalid 450 4 235.6
standard batch 120 4 582.1
scalar response 120 4 337.7
scalar invalid 150 4 326.6
scalar path 900 4 173.0
scalar batch 40 4 728.2
scalar batch 120 4 637.4
scalar path 300 4 215.5
scalar invalid 450 4 252.0
scalar response 40 4 399.8
native response 40 4 347.9
native invalid 150 4 341.5
native invalid 450 4 236.9
native batch 40 4 550.6
native response 120 4 315.8
native path 900 4 159.9
native path 300 4 281.7
native batch 120 4 513.6
bulk invalid 150 4 365.0
bulk batch 120 4 597.4
bulk batch 40 4 649.0
bulk path 300 4 219.9
bulk response 40 4 395.8
bulk invalid 450 4 251.9
bulk path 900 4 161.1
bulk response 120 4 350.3
