memory pydantic 0 None
memory pydantic 0 11599534
memory c_native_converted 0 None
memory c_native_converted 0 11600720
memory fastuuid 0 None
memory fastuuid 0 11600704
memory stdlib 0 None
memory stdlib 0 11601640
memory c_packed_converted 0 None
memory c_packed_converted 0 11600544
memory uuid_utils 0 None
memory uuid_utils 0 11600664
memory native 0 None
memory native 0 4000416
memory c_bulk 0 None
memory c_bulk 0 11599440
memory packed 0 None
memory packed 0 1600393
memory c_scalar 0 None
memory c_scalar 0 11600416
memory c_scalar 1 None
memory c_scalar 1 11600416
memory packed 1 None
memory packed 1 1600393
memory pydantic 1 None
memory pydantic 1 11599534
memory c_bulk 1 None
memory c_bulk 1 11599440
memory c_native_converted 1 None
memory c_native_converted 1 11600720
memory native 1 None
memory native 1 4000416
memory uuid_utils 1 None
memory uuid_utils 1 11600664
memory stdlib 1 None
memory stdlib 1 11601640
memory fastuuid 1 None
memory fastuuid 1 11600704
memory c_packed_converted 1 None
memory c_packed_converted 1 11600544
memory c_native_converted 2 None
memory c_native_converted 2 11600720
memory pydantic 2 None
memory pydantic 2 11599534
memory fastuuid 2 None
memory fastuuid 2 11600704
memory uuid_utils 2 None
memory uuid_utils 2 11600664
memory c_bulk 2 None
memory c_bulk 2 11599440
memory c_packed_converted 2 None
memory c_packed_converted 2 11600544
memory c_scalar 2 None
memory c_scalar 2 11600416
memory packed 2 None
memory packed 2 1600393
memory stdlib 2 None
memory stdlib 2 11601640
memory native 2 None
memory native 2 4000416
