copy fastuuid -1 0.24007398999992802
copy stdlib -1 0.22450468300007742
copy pydantic -1 0.18316427300010218
copy c_bulk -1 0.19226556900002834
copy c_packed_converted -1 0.18746130099998481
copy c_native_converted -1 0.2275171409999075
copy uuid_utils -1 0.22547269100004996
copy c_scalar -1 0.18793157099980817
copy c_bulk 0 0.19790692699984902
copy uuid_utils 0 0.2234939709999253
copy fastuuid 0 0.22394368699997358
copy c_native_converted 0 0.22171626599993033
copy c_scalar 0 0.18570996000016748
copy stdlib 0 0.23405450700010988
copy c_packed_converted 0 0.18491726199999903
copy pydantic 0 0.179781678000154
copy uuid_utils 1 0.2402663529999245
copy c_scalar 1 0.186047273999975
copy stdlib 1 0.23672605299998395
copy c_native_converted 1 0.22189570199998343
copy fastuuid 1 0.2120128480000858
copy c_packed_converted 1 0.19991642600007253
copy c_bulk 1 0.18855144500003007
copy pydantic 1 0.19188698500011014
copy c_scalar 2 0.1840458909998688
copy c_packed_converted 2 0.1879349949999778
copy pydantic 2 0.18932788500001152
copy c_native_converted 2 0.24112544700005856
copy fastuuid 2 0.22220743699995182
copy stdlib 2 0.22212108600001557
copy uuid_utils 2 0.21657112599996253
copy c_bulk 2 0.1993901610001103
copy c_scalar 3 0.18006572500007678
copy c_native_converted 3 0.21644527500006916
copy uuid_utils 3 0.22750773200004915
copy c_bulk 3 0.18258421499990618
copy c_packed_converted 3 0.19140346300014244
copy stdlib 3 0.21929805099989608
copy pydantic 3 0.1799645529999907
copy fastuuid 3 0.23178176200008238
copy c_packed_converted 4 0.18339708799999244
copy c_bulk 4 0.2153249020000203
copy c_scalar 4 0.18336536000015258
copy stdlib 4 0.22444143699999586
copy c_native_converted 4 0.21971658299980845
copy uuid_utils 4 0.21265723500005151
copy pydantic 4 0.1710100059999604
copy fastuuid 4 0.21103872899993803
