standard path 900 0 387.3
standard response 120 0 670.5
standard batch 120 0 1116.5
standard path 300 0 444.1
standard invalid 450 0 533.6
standard batch 40 0 1202.3
standard invalid 150 0 616.7
standard response 40 0 697.3
native invalid 450 0 538.4
native batch 40 0 1305.8
native path 300 0 442.5
native batch 120 0 1177.0
native response 120 0 597.4
native invalid 150 0 600.2
native path 900 0 387.4
native response 40 0 682.8
scalar invalid 450 0 566.1
scalar path 900 0 383.8
scalar batch 40 0 1464.0
scalar response 40 0 712.4
scalar path 300 0 445.2
scalar batch 120 0 1353.1
scalar invalid 150 0 616.8
scalar response 120 0 666.4
bulk path 900 0 384.0
bulk response 120 0 651.0
bulk invalid 450 0 545.6
bulk batch 120 0 1184.3
bulk response 40 0 703.1
bulk batch 40 0 1254.0
bulk invalid 150 0 635.3
bulk path 300 0 460.8
bulk response 40 1 713.2
bulk path 300 1 449.4
bulk path 900 1 381.3
bulk batch 120 1 1160.6
bulk invalid 450 1 547.1
bulk response 120 1 608.7
bulk invalid 150 1 632.9
bulk batch 40 1 1329.8
standard batch 40 1 1202.9
standard response 40 1 706.5
standard path 900 1 381.9
standard batch 120 1 1124.5
standard invalid 450 1 544.0
standard invalid 150 1 629.6
standard path 300 1 451.5
standard response 120 1 619.4
native invalid 150 1 611.0
native batch 40 1 1261.5
native path 900 1 390.3
native response 40 1 662.3
native invalid 450 1 553.2
native response 120 1 570.1
native batch 120 1 1155.9
native path 300 1 443.6
scalar batch 40 1 1457.8
scalar batch 120 1 1378.4
scalar path 300 1 451.0
scalar response 40 1 710.1
scalar invalid 450 1 564.5
scalar invalid 150 1 604.0
scalar path 900 1 383.4
scalar response 120 1 607.2
bulk response 120 2 637.8
bulk path 300 2 466.0
bulk invalid 450 2 542.9
bulk response 40 2 825.3
bulk path 900 2 384.3
bulk invalid 150 2 656.8
bulk batch 40 2 1320.4
bulk batch 120 2 1197.2
scalar batch 120 2 1366.3
scalar path 900 2 389.5
scalar batch 40 2 1432.0
scalar response 120 2 654.7
scalar response 40 2 720.7
scalar path 300 2 459.5
scalar invalid 150 2 618.3
scalar invalid 450 2 553.1
standard response 120 2 614.7
standard invalid 450 2 545.6
standard batch 40 2 1239.8
standard path 300 2 449.7
standard batch 120 2 1109.0
standard response 40 2 706.5
standard invalid 150 2 612.0
standard path 900 2 366.2
native batch 120 2 1182.4
native path 900 2 383.6
native response 120 2 598.5
native path 300 2 455.1
native invalid 150 2 631.5
native invalid 450 2 545.7
native response 40 2 703.6
native batch 40 2 1255.2
bulk response 120 3 666.9
bulk batch 120 3 1173.1
bulk path 900 3 384.3
bulk batch 40 3 1309.4
bulk invalid 450 3 550.8
bulk path 300 3 457.3
bulk invalid 150 3 612.4
bulk response 40 3 713.5
native invalid 450 3 550.0
native path 900 3 377.3
native batch 40 3 1302.9
native invalid 150 3 643.1
native response 40 3 678.9
native path 300 3 460.0
native response 120 3 585.2
native batch 120 3 1164.2
standard invalid 450 3 540.9
standard path 300 3 455.4
standard batch 120 3 1130.3
standard response 40 3 705.9
standard response 120 3 613.8
standard batch 40 3 1233.2
standard invalid 150 3 681.4
standard path 900 3 405.1
scalar path 300 3 459.2
scalar path 900 3 395.0
scalar invalid 450 3 544.1
scalar batch 40 3 1541.0
scalar batch 120 3 1402.7
scalar invalid 150 3 624.7
scalar response 40 3 729.0
scalar response 120 3 657.6
standard response 120 4 663.4
standard response 40 4 721.7
standard path 900 4 391.2
standard batch 40 4 1220.8
standard invalid 150 4 599.0
standard path 300 4 443.5
standard invalid 450 4 547.8
standard batch 120 4 1140.7
scalar response 120 4 640.2
scalar invalid 150 4 611.2
scalar path 900 4 389.5
scalar batch 40 4 1488.1
scalar batch 120 4 1393.7
scalar path 300 4 458.0
scalar invalid 450 4 546.5
scalar response 40 4 707.6
native response 40 4 674.8
native invalid 150 4 604.7
native invalid 450 4 547.0
native batch 40 4 1299.2
native response 120 4 580.3
native path 900 4 369.3
native path 300 4 439.7
native batch 120 4 1187.9
bulk invalid 150 4 619.7
bulk batch 120 4 1216.7
bulk batch 40 4 1402.1
bulk path 300 4 453.2
bulk response 40 4 814.9
bulk invalid 450 4 551.3
bulk path 900 4 390.5
bulk response 120 4 692.7
